
===========================================================================
 report_power
============================================================================
======================= Fastest Corner ===================================

Group                  Internal  Switching    Leakage      Total
                          Power      Power      Power      Power (Watts)
----------------------------------------------------------------
Sequential             4.09e-04   7.14e-05   3.02e-07   4.81e-04  39.0%
Combinational          4.56e-04   2.97e-04   4.19e-09   7.52e-04  61.0%
Macro                  0.00e+00   0.00e+00   0.00e+00   0.00e+00   0.0%
Pad                    0.00e+00   0.00e+00   0.00e+00   0.00e+00   0.0%
----------------------------------------------------------------
Total                  8.65e-04   3.68e-04   3.06e-07   1.23e-03 100.0%
                          70.1%      29.8%       0.0%

======================= Slowest Corner ===================================

Group                  Internal  Switching    Leakage      Total
                          Power      Power      Power      Power (Watts)
----------------------------------------------------------------
Sequential             2.75e-04   4.69e-05   1.21e-06   3.23e-04  38.5%
Combinational          3.23e-04   1.92e-04   1.57e-06   5.17e-04  61.5%
Macro                  0.00e+00   0.00e+00   0.00e+00   0.00e+00   0.0%
Pad                    0.00e+00   0.00e+00   0.00e+00   0.00e+00   0.0%
----------------------------------------------------------------
Total                  5.98e-04   2.39e-04   2.78e-06   8.40e-04 100.0%
                          71.2%      28.5%       0.3%

======================= Typical Corner ===================================

Group                  Internal  Switching    Leakage      Total
                          Power      Power      Power      Power (Watts)
----------------------------------------------------------------
Sequential             3.54e-04   6.01e-05   3.02e-07   4.14e-04  38.9%
Combinational          4.01e-04   2.49e-04   2.02e-09   6.50e-04  61.1%
Macro                  0.00e+00   0.00e+00   0.00e+00   0.00e+00   0.0%
Pad                    0.00e+00   0.00e+00   0.00e+00   0.00e+00   0.0%
----------------------------------------------------------------
Total                  7.54e-04   3.09e-04   3.04e-07   1.06e-03 100.0%
                          70.9%      29.1%       0.0%

